Panel      : 4253 rows  2015-01-01 -> 2026-08-23
Nodes      : 65 candidates over 12 families
Horizons   : +1d .. +14d   pivot=+7d
Protocol   : walk-forward by calendar year from 2019, embargo=14 rows

  fold 2019: train= 1447  test= 365  nodes=12  [days_since_halving, drawdown_14, dxy_ret_1, ma_cross_50_200, macd_histogram_12_26, mvrv, realized_vol_30, roc_14, rsi_14, stoch_14, volume_ratio_14, wr_spread_7_14]
  fold 2020: train= 1812  test= 366  nodes=12  [days_to_halving, drawdown_recovery_7_90, dxy_ma_ratio_50, ma_cross_50_200, macd_9_21, mvrv, roc_14, rsi_10, stoch_d_14, vol_ratio_7_21, volume_ratio_7, wr_spread_7_14]
  fold 2021: train= 2178  test= 365  nodes=12  [days_to_halving, drawdown_120, dxy_ret_20, hash_rate_ma_ratio_30, ma_cross_50_200, macd_histogram_12_26, roc_7, rsi_10, stoch_d_14, vol_ratio_7_21, volume_ratio_30, wr_spread_7_14]
  fold 2022: train= 2543  test= 365  nodes=12  [days_to_halving, drawdown_recovery_7_90, dxy_ma_ratio_50, ma_cross_50_200, macd_12_26, mvrv, realized_vol_21, roc_14, rsi_18, stoch_14, volume_ratio_14, wr_spread_7_14]
  fold 2023: train= 2908  test= 365  nodes=12  [days_to_halving, drawdown_90, dxy_ma_ratio_50, ma_cross_50_200, macd_9_21, mvrv, realized_vol_21, roc_14, rsi_divergence_7_14, stoch_7, volume_ratio_30, wr_spread_7_14]
  fold 2024: train= 3273  test= 366  nodes=12  [days_to_halving, drawdown_90, dxy_ma_ratio_50, ma_ratio_50, macd_9_21, mvrv, realized_vol_21, roc_14, rsi_10, stoch_d_14, volume_ratio_7, wr_spread_7_14]
  fold 2025: train= 3639  test= 365  nodes=12  [days_since_halving, drawdown_90, dxy_ma_ratio_50, ma_ratio_200, macd_9_21, mvrv, realized_vol_30, roc_5, rsi_divergence_7_14, stoch_d_14, volume_ratio_7, wr_spread_7_14]
  fold 2026: train= 4004  test= 235  nodes=12  [days_to_halving, drawdown_90, dxy_ma_ratio_50, hash_rate_ma_ratio_90, ma_ratio_7, macd_9_21, realized_vol_21, roc_5, rsi_divergence_7_14, stoch_d_14, volume_ratio_7, wr_spread_7_14]

================================================================================================
Pooled out-of-sample scores  (N=38983 predictions, 2019-01-01 -> 2026-08-22)
================================================================================================

  horizon +3d   n=2789   realized up-rate=53.1%
    model         log loss    skill              95% CI    Brier     AUC     acc
    ------------ --------- -------- ------------------- -------- ------- -------
    base           0.69303  +0.0000           --         0.24993  0.4951   0.531
    nb             0.72255  -0.0426  [-0.0618, -0.0241]  0.26330  0.4987   0.508
    nb_temp        0.72796  -0.0504  [-0.0726, -0.0296]  0.26511  0.4984   0.505
    logit_z        0.72941  -0.0525  [-0.0752, -0.0313]  0.26579  0.4984   0.514
    logit_raw      0.69851  -0.0079  [-0.0188, +0.0016]  0.25244  0.5115   0.523

  horizon +7d   n=2785   realized up-rate=53.0%
    model         log loss    skill              95% CI    Brier     AUC     acc
    ------------ --------- -------- ------------------- -------- ------- -------
    base           0.69445  +0.0000           --         0.25063  0.4835   0.530
    nb             0.71595  -0.0310  [-0.0586, -0.0028]  0.25993  0.5291   0.532
    nb_temp        0.73000  -0.0512  [-0.0871, -0.0180]  0.26510  0.5315   0.526
    logit_z        0.73599  -0.0598  [-0.0980, -0.0235]  0.26701  0.5327   0.538
    logit_raw      0.70149  -0.0101  [-0.0313, +0.0070]  0.25369  0.5135   0.521

  horizon +14d   n=2778   realized up-rate=55.1%
    model         log loss    skill              95% CI    Brier     AUC     acc
    ------------ --------- -------- ------------------- -------- ------- -------
    base           0.69119  +0.0000           --         0.24898  0.4679   0.551
    nb             0.74531  -0.0783  [-0.1301, -0.0302]  0.27141  0.5124   0.522
    nb_temp        0.75889  -0.0979  [-0.1578, -0.0450]  0.27536  0.5163   0.521
    logit_z        0.73949  -0.0699  [-0.1272, -0.0140]  0.26692  0.5265   0.531
    logit_raw      0.71811  -0.0389  [-0.0908, +0.0031]  0.25900  0.4991   0.531

  nb @ +3d, bucketed by model edge  (mean base rate 55.7%):
    bucket           n   avg edge   realized up    vs base
    ------------ ----- ---------- ------------- ----------
    < -10pp        699     -16.6pp         53.8%      -1.9pp
    -10 to -5      381      -7.4pp         51.2%      -4.5pp
    -5 to 0        452      -2.4pp         51.8%      -3.9pp
    0 to +5        411      +2.4pp         55.2%      -0.5pp
    +5 to +10      340      +7.4pp         59.1%      +3.4pp
    > +10pp        506     +15.7pp         49.0%      -6.7pp

  logit_z @ +3d, bucketed by model edge  (mean base rate 55.7%):
    bucket           n   avg edge   realized up    vs base
    ------------ ----- ---------- ------------- ----------
    < -10pp        630     -17.0pp         53.7%      -2.1pp
    -10 to -5      354      -7.3pp         50.3%      -5.4pp
    -5 to 0        396      -2.4pp         52.5%      -3.2pp
    0 to +5        401      +2.4pp         57.4%      +1.6pp
    +5 to +10      364      +7.4pp         53.8%      -1.9pp
    > +10pp        644     +16.7pp         51.4%      -4.3pp

  nb @ +7d, bucketed by model edge  (mean base rate 56.3%):
    bucket           n   avg edge   realized up    vs base
    ------------ ----- ---------- ------------- ----------
    < -10pp        768     -18.6pp         50.1%      -6.2pp
    -10 to -5      324      -7.3pp         49.7%      -6.6pp
    -5 to 0        390      -2.5pp         55.1%      -1.2pp
    0 to +5        400      +2.5pp         50.7%      -5.5pp
    +5 to +10      339      +7.5pp         58.7%      +2.4pp
    > +10pp        564     +16.4pp         55.5%      -0.8pp

  logit_z @ +7d, bucketed by model edge  (mean base rate 56.3%):
    bucket           n   avg edge   realized up    vs base
    ------------ ----- ---------- ------------- ----------
    < -10pp        836     -20.2pp         49.3%      -7.0pp
    -10 to -5      282      -7.5pp         49.3%      -7.0pp
    -5 to 0        282      -2.5pp         55.3%      -1.0pp
    0 to +5        331      +2.3pp         52.6%      -3.7pp
    +5 to +10      297      +7.5pp         57.9%      +1.6pp
    > +10pp        757     +19.1pp         55.9%      -0.4pp

  nb @ +14d, bucketed by model edge  (mean base rate 58.2%):
    bucket           n   avg edge   realized up    vs base
    ------------ ----- ---------- ------------- ----------
    < -10pp        850     -20.3pp         54.0%      -4.2pp
    -10 to -5      261      -7.5pp         57.1%      -1.2pp
    -5 to 0        308      -2.4pp         57.1%      -1.1pp
    0 to +5        301      +2.6pp         54.8%      -3.4pp
    +5 to +10      253      +7.6pp         53.8%      -4.5pp
    > +10pp        805     +19.8pp         55.5%      -2.7pp

  logit_z @ +14d, bucketed by model edge  (mean base rate 58.2%):
    bucket           n   avg edge   realized up    vs base
    ------------ ----- ---------- ------------- ----------
    < -10pp        793     -19.4pp         52.1%      -6.2pp
    -10 to -5      321      -7.5pp         58.6%      +0.3pp
    -5 to 0        271      -2.4pp         51.3%      -7.0pp
    0 to +5        279      +2.4pp         59.9%      +1.6pp
    +5 to +10      280      +7.6pp         56.1%      -2.2pp
    > +10pp        834     +20.3pp         56.1%      -2.1pp

  Per-fold skill at +7d:
    2019  n=365  nb=+0.0154  nb_temp=+0.0017  logit_z=-0.0237  logit_raw=+0.0070
    2020  n=366  nb=-0.0274  nb_temp=-0.0741  logit_z=-0.1192  logit_raw=-0.0711
    2021  n=365  nb=-0.0393  nb_temp=-0.0922  logit_z=-0.0697  logit_raw=-0.0030
    2022  n=365  nb=-0.0093  nb_temp=-0.0165  logit_z=-0.0009  logit_raw=-0.0161
    2023  n=365  nb=-0.0901  nb_temp=-0.0771  logit_z=-0.0815  logit_raw=+0.0024
    2024  n=366  nb=-0.0383  nb_temp=-0.0201  logit_z=-0.0470  logit_raw=-0.0053
    2025  n=365  nb=-0.0439  nb_temp=-0.0934  logit_z=-0.0967  logit_raw=-0.0014
    2026  n=228  nb=-0.0091  nb_temp=-0.0346  logit_z=-0.0365  logit_raw=+0.0126

  Fitted Naive Bayes temperature alpha @ +7d by fold (1.0 = trust Naive Bayes as-is):
    2019=+1.394  2020=+1.486  2021=+1.640  2022=+1.088  2023=+0.911  2024=+0.839  2025=+1.330  2026=+1.351

Predictions -> C:\Users\NewAdmin\Repo\state-space-mamba\output\exp1_predictions.csv
Summary     -> C:\Users\NewAdmin\Repo\state-space-mamba\output\exp1_summary.json
